<html>
<body>
<pre>
<h1>礦ision Build Log</h1>
<h2>Tool Versions:</h2>
IDE-Version: 碌Vision V5.38.0.0
Copyright (C) 2022 ARM Ltd and ARM Germany GmbH. All rights reserved.
License Information: 1 李小欢, 1, LIC=AK1BF-6B6KX-TLXCD-8I19Q-9NM0E-N6AHP
 
Tool Versions:
Toolchain:       MDK-ARM Professional  Version: 5.36.0.0
Toolchain Path:  D:\keil5\1\ARM\ARMCC\Bin
C Compiler:      Armcc.exe V5.06 update 7 (build 960)
Assembler:       Armasm.exe V5.06 update 7 (build 960)
Linker/Locator:  ArmLink.exe V5.06 update 7 (build 960)
Library Manager: ArmAr.exe V5.06 update 7 (build 960)
Hex Converter:   FromElf.exe V5.06 update 7 (build 960)
CPU DLL:         SARMCM3.DLL V5.36.0.0
Dialog DLL:      DARMSTM.DLL V1.68.0.0
Target DLL:      STLink\ST-LINKIII-KEIL_SWO.dll V3.0.9.0
Dialog DLL:      TARMSTM.DLL V1.66.0.0
 
<h2>Project:</h2>
D:\26物联stm32\ALIENTEK MINISTM32 实验11 TFT LCD液晶显示实验\ALIENTEK MINISTM32 实验11 TFT LCD液晶显示实验\USER\LCD.uvprojx
Project File Date:  05/16/2026

<h2>Output:</h2>
*** Using Compiler 'V5.06 update 7 (build 960)', folder: 'D:\keil5\1\ARM\ARMCC\Bin'
Rebuild target 'Target 1'
compiling main.c...
wave.h(17): warning:  #1-D: last line of file ends without a newline
  #endif
lcd_ui.h(6): warning:  #1-D: last line of file ends without a newline
  #endif
dac.h(9): warning:  #1-D: last line of file ends without a newline
  #endif
main.c(68): warning:  #1-D: last line of file ends without a newline
  }
main.c: 4 warnings, 0 errors
assembling startup_stm32f10x_hd.s...
compiling delay.c...
compiling led.c...
compiling timer.c...
wave.h(17): warning:  #1-D: last line of file ends without a newline
  #endif
timer.c: 1 warning, 0 errors
compiling key.c...
compiling stm32f10x_it.c...
compiling stm32f10x_dac.c...
compiling stm32f10x_rcc.c...
compiling stm32f10x_gpio.c...
compiling core_cm3.c...
compiling wave.c...
wave.h(17): warning:  #1-D: last line of file ends without a newline
  #endif
dac.h(9): warning:  #1-D: last line of file ends without a newline
  #endif
wave.c(150): warning:  #1-D: last line of file ends without a newline
  }
wave.c: 3 warnings, 0 errors
compiling stm32f10x_usart.c...
compiling dac.c...
..\USER\dac.h(9): warning:  #1-D: last line of file ends without a newline
  #endif
..\HARDWARE\dac\dac.c(38): warning:  #1-D: last line of file ends without a newline
  }
..\HARDWARE\dac\dac.c: 2 warnings, 0 errors
compiling misc.c...
compiling usart.c...
compiling system_stm32f10x.c...
compiling sys.c...
compiling stm32f10x_tim.c...
compiling lcd.c...
..\USER\wave.h(17): warning:  #1-D: last line of file ends without a newline
  #endif
..\..\HARDWARE\LCD\lcd.c: 1 warning, 0 errors
linking...
Program Size: Code=27304 RO-data=6896 RW-data=88 ZI-data=1848  
FromELF: creating hex file...
"..\OBJ\LCD.axf" - 0 Error(s), 11 Warning(s).

<h2>Software Packages used:</h2>

Package Vendor: Keil
                https://www.keil.com/pack/Keil.STM32F1xx_DFP.2.4.1.pack
                Keil.STM32F1xx_DFP.2.4.1
                STMicroelectronics STM32F1 Series Device Support, Drivers and Examples

<h2>Collection of Component include folders:</h2>
  D:/keil5/1/Keil/STM32F1xx_DFP/2.4.1/Device/Include

<h2>Collection of Component Files used:</h2>
Build Time Elapsed:  00:00:01
</pre>
</body>
</html>
